// Jest Snapshot v1, https://goo.gl/fbAQLP

exports[`HomeView Cmp test suite should match snapshot 1`] = `
VueWrapper {
  "__app": Object {
    "_component": Object {
      "name": "VTU_ROOT",
      "render": [Function],
      "setup": [Function],
    },
    "_container": <div
      data-v-app=""
    >
      <div
        class="home"
      >
        <img
          alt="Vue logo"
          src=""
        />
        <h1>
          Hola mundo
        </h1>
        <button
          class="btn btn-primary"
          type="submit"
        >
          Primary
        </button>
        <button
          class="btn btn-secondary"
          type="submit"
        >
          Secondary
        </button>
        <button
          class="btn btn-success"
          type="submit"
        >
          Success
        </button>
      </div>
    </div>,
    "_context": Object {
      "app": [Circular],
      "components": Object {
        "transition": Object {
          "name": "transition",
        },
        "transition-group": Object {
          "name": "transition-group",
        },
      },
      "config": Object {
        "compilerOptions": Object {},
        "errorHandler": undefined,
        "globalProperties": Object {},
        "isNativeTag": [Function],
        "optionMergeStrategies": Object {},
        "performance": false,
        "warnHandler": undefined,
      },
      "directives": Object {},
      "emitsCache": WeakMap {},
      "mixins": Array [
        Object {
          "beforeCreate": [Function],
        },
      ],
      "optionsCache": WeakMap {},
      "propsCache": WeakMap {},
      "provides": Object {},
      "reload": [Function],
    },
    "_instance": Object {
      "a": null,
      "accessCache": Object {},
      "appContext": Object {
        "app": [Circular],
        "components": Object {
          "transition": Object {
            "name": "transition",
          },
          "transition-group": Object {
            "name": "transition-group",
          },
        },
        "config": Object {
          "compilerOptions": Object {},
          "errorHandler": undefined,
          "globalProperties": Object {},
          "isNativeTag": [Function],
          "optionMergeStrategies": Object {},
          "performance": false,
          "warnHandler": undefined,
        },
        "directives": Object {},
        "emitsCache": WeakMap {},
        "mixins": Array [
          Object {
            "beforeCreate": [Function],
          },
        ],
        "optionsCache": WeakMap {},
        "propsCache": WeakMap {},
        "provides": Object {},
        "reload": [Function],
      },
      "asyncDep": null,
      "asyncResolved": false,
      "attrs": Object {},
      "bc": null,
      "bm": null,
      "bu": null,
      "bum": null,
      "c": null,
      "components": null,
      "ctx": Object {
        "VTU_COMPONENT": Object {
          "goToDaybook": [Function],
        },
      },
      "da": null,
      "data": Object {},
      "devtoolsRawSetupState": Object {
        "VTU_COMPONENT": RefImpl {
          "__v_isRef": true,
          "__v_isShallow": false,
          "_rawValue": Object {
            "goToDaybook": [Function],
          },
          "_value": Object {
            "goToDaybook": [Function],
          },
          "dep": undefined,
        },
      },
      "directives": null,
      "ec": null,
      "effect": ReactiveEffect {
        "active": true,
        "allowRecurse": true,
        "deps": Array [
          Set {
            [Circular],
          },
          Set {
            [Circular],
          },
          Set {
            [Circular],
          },
        ],
        "fn": [Function],
        "onTrack": undefined,
        "onTrigger": undefined,
        "parent": undefined,
        "scheduler": [Function],
      },
      "emit": [Function],
      "emitsOptions": null,
      "emitted": null,
      "exposeProxy": null,
      "exposed": null,
      "inheritAttrs": undefined,
      "isDeactivated": false,
      "isMounted": true,
      "isUnmounted": false,
      "m": null,
      "next": null,
      "parent": null,
      "props": Object {},
      "propsDefaults": Object {},
      "propsOptions": Array [
        Object {},
        Array [],
      ],
      "provides": Object {},
      "proxy": Object {
        "VTU_COMPONENT": Object {
          "goToDaybook": [Function],
        },
      },
      "refs": Object {
        "VTU_COMPONENT": Object {
          "goToDaybook": [Function],
        },
      },
      "render": [Function],
      "renderCache": Array [],
      "root": [Circular],
      "rtc": null,
      "rtg": null,
      "scope": EffectScope {
        "active": true,
        "cleanups": Array [],
        "detached": true,
        "effects": Array [
          ReactiveEffect {
            "active": true,
            "allowRecurse": true,
            "deps": Array [
              Set {
                [Circular],
              },
              Set {
                [Circular],
              },
              Set {
                [Circular],
              },
            ],
            "fn": [Function],
            "onTrack": undefined,
            "onTrigger": undefined,
            "parent": undefined,
            "scheduler": [Function],
          },
        ],
        "parent": undefined,
      },
      "setupContext": null,
      "setupState": Object {
        "VTU_COMPONENT": Object {
          "goToDaybook": [Function],
        },
      },
      "slots": Object {},
      "sp": null,
      "subTree": Object {
        "__v_isVNode": true,
        "__v_skip": true,
        "anchor": null,
        "appContext": null,
        "children": null,
        "component": Object {
          "a": null,
          "accessCache": Object {
            "@@__IMMUTABLE_ITERABLE__@@": 0,
            "@@__IMMUTABLE_RECORD__@@": 0,
            "__v_isReadonly": 0,
            "__v_isRef": 0,
            "__v_isShallow": 0,
            "__v_raw": 0,
            "__v_skip": 4,
            "_isMockFunction": 0,
            "constructor": 0,
            "goToDaybook": 4,
            "isVueInstance": 0,
            "toJSON": 0,
            Symbol(Symbol.toStringTag): 0,
          },
          "appContext": Object {
            "app": [Circular],
            "components": Object {
              "transition": Object {
                "name": "transition",
              },
              "transition-group": Object {
                "name": "transition-group",
              },
            },
            "config": Object {
              "compilerOptions": Object {},
              "errorHandler": undefined,
              "globalProperties": Object {},
              "isNativeTag": [Function],
              "optionMergeStrategies": Object {},
              "performance": false,
              "warnHandler": undefined,
            },
            "directives": Object {},
            "emitsCache": WeakMap {},
            "mixins": Array [
              Object {
                "beforeCreate": [Function],
              },
            ],
            "optionsCache": WeakMap {},
            "propsCache": WeakMap {},
            "provides": Object {},
            "reload": [Function],
          },
          "asyncDep": null,
          "asyncResolved": false,
          "attrs": Object {},
          "bc": null,
          "bm": null,
          "bu": null,
          "bum": null,
          "c": null,
          "components": Object {},
          "ctx": Object {
            "goToDaybook": [Function],
          },
          "da": null,
          "data": Object {},
          "directives": null,
          "ec": null,
          "effect": ReactiveEffect {
            "active": true,
            "allowRecurse": true,
            "deps": Array [],
            "fn": [Function],
            "onTrack": undefined,
            "onTrigger": undefined,
            "parent": undefined,
            "scheduler": [Function],
          },
          "emit": [Function],
          "emitsOptions": null,
          "emitted": null,
          "exposeProxy": null,
          "exposed": null,
          "inheritAttrs": undefined,
          "isDeactivated": false,
          "isMounted": true,
          "isUnmounted": false,
          "m": null,
          "next": null,
          "parent": [Circular],
          "props": Object {},
          "propsDefaults": Object {},
          "propsOptions": Array [
            Object {},
            Array [],
          ],
          "provides": Object {},
          "proxy": Object {
            "goToDaybook": [Function],
          },
          "refs": Object {},
          "render": [Function],
          "renderCache": Array [
            [Function],
            [Function],
            [Function],
          ],
          "root": [Circular],
          "rtc": null,
          "rtg": null,
          "scope": EffectScope {
            "active": true,
            "cleanups": Array [],
            "detached": true,
            "effects": Array [
              ReactiveEffect {
                "active": true,
                "allowRecurse": true,
                "deps": Array [],
                "fn": [Function],
                "onTrack": undefined,
                "onTrigger": undefined,
                "parent": undefined,
                "scheduler": [Function],
              },
            ],
            "parent": undefined,
          },
          "setupContext": null,
          "setupState": Object {},
          "slots": Object {},
          "sp": null,
          "subTree": Object {
            "__v_isVNode": true,
            "__v_skip": true,
            "anchor": null,
            "appContext": null,
            "children": Array [
              Object {
                "__v_isVNode": true,
                "__v_skip": true,
                "anchor": null,
                "appContext": null,
                "children": null,
                "component": null,
                "ctx": null,
                "dirs": null,
                "dynamicChildren": null,
                "dynamicProps": null,
                "el": <img
                  alt="Vue logo"
                  src=""
                />,
                "key": null,
                "patchFlag": -1,
                "props": Object {
                  "alt": "Vue logo",
                  "src": "",
                },
                "ref": null,
                "scopeId": null,
                "shapeFlag": 1,
                "slotScopeIds": null,
                "ssContent": null,
                "ssFallback": null,
                "staticCount": 0,
                "suspense": null,
                "target": null,
                "targetAnchor": null,
                "transition": null,
                "type": "img",
              },
              Object {
                "__v_isVNode": true,
                "__v_skip": true,
                "anchor": null,
                "appContext": null,
                "children": "Hola mundo",
                "component": null,
                "ctx": null,
                "dirs": null,
                "dynamicChildren": null,
                "dynamicProps": null,
                "el": <h1>
                  Hola mundo
                </h1>,
                "key": null,
                "patchFlag": -1,
                "props": null,
                "ref": null,
                "scopeId": null,
                "shapeFlag": 9,
                "slotScopeIds": null,
                "ssContent": null,
                "ssFallback": null,
                "staticCount": 0,
                "suspense": null,
                "target": null,
                "targetAnchor": null,
                "transition": null,
                "type": "h1",
              },
              Object {
                "__v_isVNode": true,
                "__v_skip": true,
                "anchor": null,
                "appContext": null,
                "children": "Primary",
                "component": null,
                "ctx": [Circular],
                "dirs": null,
                "dynamicChildren": null,
                "dynamicProps": null,
                "el": <button
                  class="btn btn-primary"
                  type="submit"
                >
                  Primary
                </button>,
                "key": null,
                "patchFlag": 0,
                "props": Object {
                  "class": "btn btn-primary",
                  "onClick": [Function],
                  "type": "",
                },
                "ref": null,
                "scopeId": null,
                "shapeFlag": 9,
                "slotScopeIds": null,
                "ssContent": null,
                "ssFallback": null,
                "staticCount": 0,
                "suspense": null,
                "target": null,
                "targetAnchor": null,
                "transition": null,
                "type": "button",
              },
              Object {
                "__v_isVNode": true,
                "__v_skip": true,
                "anchor": null,
                "appContext": null,
                "children": "Secondary",
                "component": null,
                "ctx": [Circular],
                "dirs": null,
                "dynamicChildren": null,
                "dynamicProps": null,
                "el": <button
                  class="btn btn-secondary"
                  type="submit"
                >
                  Secondary
                </button>,
                "key": null,
                "patchFlag": 0,
                "props": Object {
                  "class": "btn btn-secondary",
                  "onClick": [Function],
                  "type": "",
                },
                "ref": null,
                "scopeId": null,
                "shapeFlag": 9,
                "slotScopeIds": null,
                "ssContent": null,
                "ssFallback": null,
                "staticCount": 0,
                "suspense": null,
                "target": null,
                "targetAnchor": null,
                "transition": null,
                "type": "button",
              },
              Object {
                "__v_isVNode": true,
                "__v_skip": true,
                "anchor": null,
                "appContext": null,
                "children": "Success",
                "component": null,
                "ctx": [Circular],
                "dirs": null,
                "dynamicChildren": null,
                "dynamicProps": null,
                "el": <button
                  class="btn btn-success"
                  type="submit"
                >
                  Success
                </button>,
                "key": null,
                "patchFlag": 0,
                "props": Object {
                  "class": "btn btn-success",
                  "onClick": [Function],
                  "type": "",
                },
                "ref": null,
                "scopeId": null,
                "shapeFlag": 9,
                "slotScopeIds": null,
                "ssContent": null,
                "ssFallback": null,
                "staticCount": 0,
                "suspense": null,
                "target": null,
                "targetAnchor": null,
                "transition": null,
                "type": "button",
              },
            ],
            "component": null,
            "ctx": [Circular],
            "dirs": null,
            "dynamicChildren": Array [],
            "dynamicProps": null,
            "el": <div
              class="home"
            >
              <img
                alt="Vue logo"
                src=""
              />
              <h1>
                Hola mundo
              </h1>
              <button
                class="btn btn-primary"
                type="submit"
              >
                Primary
              </button>
              <button
                class="btn btn-secondary"
                type="submit"
              >
                Secondary
              </button>
              <button
                class="btn btn-success"
                type="submit"
              >
                Success
              </button>
            </div>,
            "key": null,
            "patchFlag": 0,
            "props": Object {
              "class": "home",
            },
            "ref": null,
            "scopeId": null,
            "shapeFlag": 17,
            "slotScopeIds": null,
            "ssContent": null,
            "ssFallback": null,
            "staticCount": 0,
            "suspense": null,
            "target": null,
            "targetAnchor": null,
            "transition": null,
            "type": "div",
          },
          "suspense": null,
          "suspenseId": 0,
          "type": Object {
            "components": Object {},
            "methods": Object {
              "goToDaybook": [Function],
            },
            "render": [Function],
          },
          "u": null,
          "uid": 1,
          "um": null,
          "update": [Function],
          "vnode": [Circular],
          "withProxy": null,
        },
        "ctx": [Circular],
        "dirs": null,
        "dynamicChildren": null,
        "dynamicProps": null,
        "el": <div
          class="home"
        >
          <img
            alt="Vue logo"
            src=""
          />
          <h1>
            Hola mundo
          </h1>
          <button
            class="btn btn-primary"
            type="submit"
          >
            Primary
          </button>
          <button
            class="btn btn-secondary"
            type="submit"
          >
            Secondary
          </button>
          <button
            class="btn btn-success"
            type="submit"
          >
            Success
          </button>
        </div>,
        "key": null,
        "patchFlag": 0,
        "props": Object {
          "ref": "VTU_COMPONENT",
        },
        "ref": Object {
          "f": false,
          "i": [Circular],
          "k": undefined,
          "r": "VTU_COMPONENT",
        },
        "scopeId": null,
        "shapeFlag": 4,
        "slotScopeIds": null,
        "ssContent": null,
        "ssFallback": null,
        "staticCount": 0,
        "suspense": null,
        "target": null,
        "targetAnchor": null,
        "transition": null,
        "type": Object {
          "components": Object {},
          "methods": Object {
            "goToDaybook": [Function],
          },
          "render": [Function],
        },
      },
      "suspense": null,
      "suspenseId": 0,
      "type": Object {
        "name": "VTU_ROOT",
        "render": [Function],
        "setup": [Function],
      },
      "u": null,
      "uid": 0,
      "um": null,
      "update": [Function],
      "vnode": Object {
        "__v_isVNode": true,
        "__v_skip": true,
        "anchor": null,
        "appContext": Object {
          "app": [Circular],
          "components": Object {
            "transition": Object {
              "name": "transition",
            },
            "transition-group": Object {
              "name": "transition-group",
            },
          },
          "config": Object {
            "compilerOptions": Object {},
            "errorHandler": undefined,
            "globalProperties": Object {},
            "isNativeTag": [Function],
            "optionMergeStrategies": Object {},
            "performance": false,
            "warnHandler": undefined,
          },
          "directives": Object {},
          "emitsCache": WeakMap {},
          "mixins": Array [
            Object {
              "beforeCreate": [Function],
            },
          ],
          "optionsCache": WeakMap {},
          "propsCache": WeakMap {},
          "provides": Object {},
          "reload": [Function],
        },
        "children": null,
        "component": [Circular],
        "ctx": null,
        "dirs": null,
        "dynamicChildren": null,
        "dynamicProps": null,
        "el": <div
          class="home"
        >
          <img
            alt="Vue logo"
            src=""
          />
          <h1>
            Hola mundo
          </h1>
          <button
            class="btn btn-primary"
            type="submit"
          >
            Primary
          </button>
          <button
            class="btn btn-secondary"
            type="submit"
          >
            Secondary
          </button>
          <button
            class="btn btn-success"
            type="submit"
          >
            Success
          </button>
        </div>,
        "key": null,
        "patchFlag": 0,
        "props": null,
        "ref": null,
        "scopeId": null,
        "shapeFlag": 4,
        "slotScopeIds": null,
        "ssContent": null,
        "ssFallback": null,
        "staticCount": 0,
        "suspense": null,
        "target": null,
        "targetAnchor": null,
        "transition": null,
        "type": Object {
          "name": "VTU_ROOT",
          "render": [Function],
          "setup": [Function],
        },
      },
      "withProxy": null,
    },
    "_props": null,
    "_uid": 0,
    "component": [Function],
    "config": Object {
      "compilerOptions": Object {},
      "errorHandler": undefined,
      "globalProperties": Object {},
      "isNativeTag": [Function],
      "optionMergeStrategies": Object {},
      "performance": false,
      "warnHandler": undefined,
    },
    "directive": [Function],
    "mixin": [Function],
    "mount": [Function],
    "provide": [Function],
    "unmount": [Function],
    "use": [Function],
    "version": "3.2.45",
  },
  "__setProps": [Function],
  "cleanUpCallbacks": Array [
    [Function],
    [Function],
    [Function],
    [Function],
    [Function],
    [Function],
    [Function],
    [Function],
    [Function],
    [Function],
    [Function],
    [Function],
    [Function],
    [Function],
    [Function],
    [Function],
    [Function],
    [Function],
    [Function],
    [Function],
    [Function],
    [Function],
    [Function],
    [Function],
    [Function],
    [Function],
    [Function],
    [Function],
    [Function],
    [Function],
    [Function],
    [Function],
    [Function],
    [Function],
    [Function],
    [Function],
    [Function],
    [Function],
    [Function],
    [Function],
    [Function],
    [Function],
    [Function],
    [Function],
    [Function],
    [Function],
    [Function],
    [Function],
    [Function],
    [Function],
    [Function],
    [Function],
    [Function],
    [Function],
    [Function],
    [Function],
    [Function],
    [Function],
    [Function],
    [Function],
    [Function],
    [Function],
    [Function],
    [Function],
    [Function],
    [Function],
    [Function],
    [Function],
    [Function],
    [Function],
    [Function],
    [Function],
    [Function],
    [Function],
    [Function],
    [Function],
    [Function],
    [Function],
    [Function],
    [Function],
    [Function],
    [Function],
    [Function],
    [Function],
    [Function],
    [Function],
    [Function],
    [Function],
    [Function],
    [Function],
    [Function],
    [Function],
    [Function],
    [Function],
    [Function],
    [Function],
    [Function],
    [Function],
    [Function],
    [Function],
    [Function],
    [Function],
    [Function],
    [Function],
    [Function],
    [Function],
    [Function],
    [Function],
    [Function],
    [Function],
    [Function],
    [Function],
    [Function],
    [Function],
    [Function],
    [Function],
    [Function],
    [Function],
    [Function],
    [Function],
    [Function],
    [Function],
    [Function],
    [Function],
    [Function],
    [Function],
    [Function],
    [Function],
    [Function],
    [Function],
    [Function],
    [Function],
    [Function],
    [Function],
    [Function],
    [Function],
    [Function],
    [Function],
    [Function],
    [Function],
    [Function],
    [Function],
    [Function],
    [Function],
    [Function],
    [Function],
    [Function],
    [Function],
    [Function],
    [Function],
    [Function],
    [Function],
    [Function],
    [Function],
    [Function],
    [Function],
    [Function],
    [Function],
    [Function],
    [Function],
    [Function],
    [Function],
    [Function],
    [Function],
    [Function],
    [Function],
    [Function],
    [Function],
    [Function],
    [Function],
    [Function],
    [Function],
  ],
  "componentVM": Object {
    "goToDaybook": [Function],
  },
  "isDisabled": [Function],
  "rootVM": Object {
    "VTU_COMPONENT": Object {
      "goToDaybook": [Function],
    },
  },
  "wrapperElement": <div
    class="home"
  >
    <img
      alt="Vue logo"
      src=""
    />
    <h1>
      Hola mundo
    </h1>
    <button
      class="btn btn-primary"
      type="submit"
    >
      Primary
    </button>
    <button
      class="btn btn-secondary"
      type="submit"
    >
      Secondary
    </button>
    <button
      class="btn btn-success"
      type="submit"
    >
      Success
    </button>
  </div>,
}
`;
